{
  service: 'attendance-system',
  message: 'Application Error HTTPS required in production',
  stack: 'Error: HTTPS required in production\n' +
    '    at origin (D:\\Zip 4\\attendance-system\\backend\\config\\security.js:36:23)\n' +
    '    at D:\\Zip 4\\attendance-system\\backend\\node_modules\\cors\\lib\\index.js:219:13\n' +
    '    at optionsCallback (D:\\Zip 4\\attendance-system\\backend\\node_modules\\cors\\lib\\index.js:199:9)\n' +
    '    at corsMiddleware (D:\\Zip 4\\attendance-system\\backend\\node_modules\\cors\\lib\\index.js:204:7)\n' +
    '    at Layer.handleRequest (D:\\Zip 4\\attendance-system\\backend\\node_modules\\router\\lib\\layer.js:152:17)\n' +
    '    at trimPrefix (D:\\Zip 4\\attendance-system\\backend\\node_modules\\router\\index.js:342:13)\n' +
    '    at D:\\Zip 4\\attendance-system\\backend\\node_modules\\router\\index.js:297:9\n' +
    '    at processParams (D:\\Zip 4\\attendance-system\\backend\\node_modules\\router\\index.js:582:12)\n' +
    '    at next (D:\\Zip 4\\attendance-system\\backend\\node_modules\\router\\index.js:291:5)\n' +
    '    at compression (D:\\Zip 4\\attendance-system\\backend\\node_modules\\compression\\index.js:243:5)',
  url: '/api/auth/login',
  method: 'POST',
  body: undefined,
  params: {},
  query: [Object: null prototype] {},
  ip: '127.0.0.1',
  userAgent: 'Mozilla/5.0 (Linux; Android 6.0; Nexus 5 Build/MRA58N) AppleWebKit/537.36 (KHTML, like Gecko) Chrome/145.0.0.0 Mobile Safari/537.36 Edg/145.0.0.0',
  level: 'error',
  timestamp: '2026-02-19 19:42:33'
}
{
  service: 'attendance-system',
  message: 'Application Error HTTPS required in production',
  stack: 'Error: HTTPS required in production\n' +
    '    at origin (D:\\Zip 4\\attendance-system\\backend\\config\\security.js:36:23)\n' +
    '    at D:\\Zip 4\\attendance-system\\backend\\node_modules\\cors\\lib\\index.js:219:13\n' +
    '    at optionsCallback (D:\\Zip 4\\attendance-system\\backend\\node_modules\\cors\\lib\\index.js:199:9)\n' +
    '    at corsMiddleware (D:\\Zip 4\\attendance-system\\backend\\node_modules\\cors\\lib\\index.js:204:7)\n' +
    '    at Layer.handleRequest (D:\\Zip 4\\attendance-system\\backend\\node_modules\\router\\lib\\layer.js:152:17)\n' +
    '    at trimPrefix (D:\\Zip 4\\attendance-system\\backend\\node_modules\\router\\index.js:342:13)\n' +
    '    at D:\\Zip 4\\attendance-system\\backend\\node_modules\\router\\index.js:297:9\n' +
    '    at processParams (D:\\Zip 4\\attendance-system\\backend\\node_modules\\router\\index.js:582:12)\n' +
    '    at next (D:\\Zip 4\\attendance-system\\backend\\node_modules\\router\\index.js:291:5)\n' +
    '    at compression (D:\\Zip 4\\attendance-system\\backend\\node_modules\\compression\\index.js:243:5)',
  url: '/api/auth/login',
  method: 'POST',
  body: undefined,
  params: {},
  query: [Object: null prototype] {},
  ip: '127.0.0.1',
  userAgent: 'Mozilla/5.0 (Linux; Android 6.0; Nexus 5 Build/MRA58N) AppleWebKit/537.36 (KHTML, like Gecko) Chrome/145.0.0.0 Mobile Safari/537.36 Edg/145.0.0.0',
  level: 'error',
  timestamp: '2026-02-19 19:42:54'
}
{
  service: 'attendance-system',
  message: 'Application Error HTTPS required in production',
  stack: 'Error: HTTPS required in production\n' +
    '    at origin (D:\\Zip 4\\attendance-system\\backend\\config\\security.js:36:23)\n' +
    '    at D:\\Zip 4\\attendance-system\\backend\\node_modules\\cors\\lib\\index.js:219:13\n' +
    '    at optionsCallback (D:\\Zip 4\\attendance-system\\backend\\node_modules\\cors\\lib\\index.js:199:9)\n' +
    '    at corsMiddleware (D:\\Zip 4\\attendance-system\\backend\\node_modules\\cors\\lib\\index.js:204:7)\n' +
    '    at Layer.handleRequest (D:\\Zip 4\\attendance-system\\backend\\node_modules\\router\\lib\\layer.js:152:17)\n' +
    '    at trimPrefix (D:\\Zip 4\\attendance-system\\backend\\node_modules\\router\\index.js:342:13)\n' +
    '    at D:\\Zip 4\\attendance-system\\backend\\node_modules\\router\\index.js:297:9\n' +
    '    at processParams (D:\\Zip 4\\attendance-system\\backend\\node_modules\\router\\index.js:582:12)\n' +
    '    at next (D:\\Zip 4\\attendance-system\\backend\\node_modules\\router\\index.js:291:5)\n' +
    '    at compression (D:\\Zip 4\\attendance-system\\backend\\node_modules\\compression\\index.js:243:5)',
  url: '/api/auth/login',
  method: 'POST',
  body: undefined,
  params: {},
  query: [Object: null prototype] {},
  ip: '127.0.0.1',
  userAgent: 'Mozilla/5.0 (Linux; Android 6.0; Nexus 5 Build/MRA58N) AppleWebKit/537.36 (KHTML, like Gecko) Chrome/145.0.0.0 Mobile Safari/537.36 Edg/145.0.0.0',
  level: 'error',
  timestamp: '2026-02-19 19:43:23'
}
{
  service: 'attendance-system',
  message: 'Application Error HTTPS required in production',
  stack: 'Error: HTTPS required in production\n' +
    '    at origin (D:\\Zip 4\\attendance-system\\backend\\config\\security.js:36:23)\n' +
    '    at D:\\Zip 4\\attendance-system\\backend\\node_modules\\cors\\lib\\index.js:219:13\n' +
    '    at optionsCallback (D:\\Zip 4\\attendance-system\\backend\\node_modules\\cors\\lib\\index.js:199:9)\n' +
    '    at corsMiddleware (D:\\Zip 4\\attendance-system\\backend\\node_modules\\cors\\lib\\index.js:204:7)\n' +
    '    at Layer.handleRequest (D:\\Zip 4\\attendance-system\\backend\\node_modules\\router\\lib\\layer.js:152:17)\n' +
    '    at trimPrefix (D:\\Zip 4\\attendance-system\\backend\\node_modules\\router\\index.js:342:13)\n' +
    '    at D:\\Zip 4\\attendance-system\\backend\\node_modules\\router\\index.js:297:9\n' +
    '    at processParams (D:\\Zip 4\\attendance-system\\backend\\node_modules\\router\\index.js:582:12)\n' +
    '    at next (D:\\Zip 4\\attendance-system\\backend\\node_modules\\router\\index.js:291:5)\n' +
    '    at compression (D:\\Zip 4\\attendance-system\\backend\\node_modules\\compression\\index.js:243:5)',
  url: '/api/auth/login',
  method: 'POST',
  body: undefined,
  params: {},
  query: [Object: null prototype] {},
  ip: '127.0.0.1',
  userAgent: 'Mozilla/5.0 (Linux; Android 6.0; Nexus 5 Build/MRA58N) AppleWebKit/537.36 (KHTML, like Gecko) Chrome/145.0.0.0 Mobile Safari/537.36 Edg/145.0.0.0',
  level: 'error',
  timestamp: '2026-02-19 19:44:04'
}
{
  service: 'attendance-system',
  message: 'Application Error HTTPS required in production',
  stack: 'Error: HTTPS required in production\n' +
    '    at origin (D:\\Zip 4\\attendance-system\\backend\\config\\security.js:36:23)\n' +
    '    at D:\\Zip 4\\attendance-system\\backend\\node_modules\\cors\\lib\\index.js:219:13\n' +
    '    at optionsCallback (D:\\Zip 4\\attendance-system\\backend\\node_modules\\cors\\lib\\index.js:199:9)\n' +
    '    at corsMiddleware (D:\\Zip 4\\attendance-system\\backend\\node_modules\\cors\\lib\\index.js:204:7)\n' +
    '    at Layer.handleRequest (D:\\Zip 4\\attendance-system\\backend\\node_modules\\router\\lib\\layer.js:152:17)\n' +
    '    at trimPrefix (D:\\Zip 4\\attendance-system\\backend\\node_modules\\router\\index.js:342:13)\n' +
    '    at D:\\Zip 4\\attendance-system\\backend\\node_modules\\router\\index.js:297:9\n' +
    '    at processParams (D:\\Zip 4\\attendance-system\\backend\\node_modules\\router\\index.js:582:12)\n' +
    '    at next (D:\\Zip 4\\attendance-system\\backend\\node_modules\\router\\index.js:291:5)\n' +
    '    at compression (D:\\Zip 4\\attendance-system\\backend\\node_modules\\compression\\index.js:243:5)',
  url: '/api/auth/login',
  method: 'POST',
  body: undefined,
  params: {},
  query: [Object: null prototype] {},
  ip: '127.0.0.1',
  userAgent: 'Mozilla/5.0 (Linux; Android 6.0; Nexus 5 Build/MRA58N) AppleWebKit/537.36 (KHTML, like Gecko) Chrome/145.0.0.0 Mobile Safari/537.36 Edg/145.0.0.0',
  level: 'error',
  timestamp: '2026-02-19 19:50:42'
}
{
  service: 'attendance-system',
  message: 'Application Error HTTPS required in production',
  stack: 'Error: HTTPS required in production\n' +
    '    at origin (D:\\Zip 4\\attendance-system\\backend\\config\\security.js:36:23)\n' +
    '    at D:\\Zip 4\\attendance-system\\backend\\node_modules\\cors\\lib\\index.js:219:13\n' +
    '    at optionsCallback (D:\\Zip 4\\attendance-system\\backend\\node_modules\\cors\\lib\\index.js:199:9)\n' +
    '    at corsMiddleware (D:\\Zip 4\\attendance-system\\backend\\node_modules\\cors\\lib\\index.js:204:7)\n' +
    '    at Layer.handleRequest (D:\\Zip 4\\attendance-system\\backend\\node_modules\\router\\lib\\layer.js:152:17)\n' +
    '    at trimPrefix (D:\\Zip 4\\attendance-system\\backend\\node_modules\\router\\index.js:342:13)\n' +
    '    at D:\\Zip 4\\attendance-system\\backend\\node_modules\\router\\index.js:297:9\n' +
    '    at processParams (D:\\Zip 4\\attendance-system\\backend\\node_modules\\router\\index.js:582:12)\n' +
    '    at next (D:\\Zip 4\\attendance-system\\backend\\node_modules\\router\\index.js:291:5)\n' +
    '    at compression (D:\\Zip 4\\attendance-system\\backend\\node_modules\\compression\\index.js:243:5)',
  url: '/api/auth/login',
  method: 'POST',
  body: undefined,
  params: {},
  query: [Object: null prototype] {},
  ip: '127.0.0.1',
  userAgent: 'Mozilla/5.0 (Linux; Android 6.0; Nexus 5 Build/MRA58N) AppleWebKit/537.36 (KHTML, like Gecko) Chrome/145.0.0.0 Mobile Safari/537.36 Edg/145.0.0.0',
  level: 'error',
  timestamp: '2026-02-19 19:50:43'
}
{
  service: 'attendance-system',
  message: 'Application Error HTTPS required in production',
  stack: 'Error: HTTPS required in production\n' +
    '    at origin (D:\\Zip 4\\attendance-system\\backend\\config\\security.js:36:23)\n' +
    '    at D:\\Zip 4\\attendance-system\\backend\\node_modules\\cors\\lib\\index.js:219:13\n' +
    '    at optionsCallback (D:\\Zip 4\\attendance-system\\backend\\node_modules\\cors\\lib\\index.js:199:9)\n' +
    '    at corsMiddleware (D:\\Zip 4\\attendance-system\\backend\\node_modules\\cors\\lib\\index.js:204:7)\n' +
    '    at Layer.handleRequest (D:\\Zip 4\\attendance-system\\backend\\node_modules\\router\\lib\\layer.js:152:17)\n' +
    '    at trimPrefix (D:\\Zip 4\\attendance-system\\backend\\node_modules\\router\\index.js:342:13)\n' +
    '    at D:\\Zip 4\\attendance-system\\backend\\node_modules\\router\\index.js:297:9\n' +
    '    at processParams (D:\\Zip 4\\attendance-system\\backend\\node_modules\\router\\index.js:582:12)\n' +
    '    at next (D:\\Zip 4\\attendance-system\\backend\\node_modules\\router\\index.js:291:5)\n' +
    '    at compression (D:\\Zip 4\\attendance-system\\backend\\node_modules\\compression\\index.js:243:5)',
  url: '/api/auth/login',
  method: 'POST',
  body: undefined,
  params: {},
  query: [Object: null prototype] {},
  ip: '127.0.0.1',
  userAgent: 'Mozilla/5.0 (Linux; Android 6.0; Nexus 5 Build/MRA58N) AppleWebKit/537.36 (KHTML, like Gecko) Chrome/145.0.0.0 Mobile Safari/537.36 Edg/145.0.0.0',
  level: 'error',
  timestamp: '2026-02-19 19:50:43'
}
{
  service: 'attendance-system',
  message: 'Application Error HTTPS required in production',
  stack: 'Error: HTTPS required in production\n' +
    '    at origin (D:\\Zip 4\\attendance-system\\backend\\config\\security.js:36:23)\n' +
    '    at D:\\Zip 4\\attendance-system\\backend\\node_modules\\cors\\lib\\index.js:219:13\n' +
    '    at optionsCallback (D:\\Zip 4\\attendance-system\\backend\\node_modules\\cors\\lib\\index.js:199:9)\n' +
    '    at corsMiddleware (D:\\Zip 4\\attendance-system\\backend\\node_modules\\cors\\lib\\index.js:204:7)\n' +
    '    at Layer.handleRequest (D:\\Zip 4\\attendance-system\\backend\\node_modules\\router\\lib\\layer.js:152:17)\n' +
    '    at trimPrefix (D:\\Zip 4\\attendance-system\\backend\\node_modules\\router\\index.js:342:13)\n' +
    '    at D:\\Zip 4\\attendance-system\\backend\\node_modules\\router\\index.js:297:9\n' +
    '    at processParams (D:\\Zip 4\\attendance-system\\backend\\node_modules\\router\\index.js:582:12)\n' +
    '    at next (D:\\Zip 4\\attendance-system\\backend\\node_modules\\router\\index.js:291:5)\n' +
    '    at compression (D:\\Zip 4\\attendance-system\\backend\\node_modules\\compression\\index.js:243:5)',
  url: '/api/auth/login',
  method: 'POST',
  body: undefined,
  params: {},
  query: [Object: null prototype] {},
  ip: '127.0.0.1',
  userAgent: 'Mozilla/5.0 (Linux; Android 6.0; Nexus 5 Build/MRA58N) AppleWebKit/537.36 (KHTML, like Gecko) Chrome/145.0.0.0 Mobile Safari/537.36 Edg/145.0.0.0',
  level: 'error',
  timestamp: '2026-02-19 19:50:44'
}
{
  service: 'attendance-system',
  message: 'Application Error HTTPS required in production',
  stack: 'Error: HTTPS required in production\n' +
    '    at origin (D:\\Zip 4\\attendance-system\\backend\\config\\security.js:36:23)\n' +
    '    at D:\\Zip 4\\attendance-system\\backend\\node_modules\\cors\\lib\\index.js:219:13\n' +
    '    at optionsCallback (D:\\Zip 4\\attendance-system\\backend\\node_modules\\cors\\lib\\index.js:199:9)\n' +
    '    at corsMiddleware (D:\\Zip 4\\attendance-system\\backend\\node_modules\\cors\\lib\\index.js:204:7)\n' +
    '    at Layer.handleRequest (D:\\Zip 4\\attendance-system\\backend\\node_modules\\router\\lib\\layer.js:152:17)\n' +
    '    at trimPrefix (D:\\Zip 4\\attendance-system\\backend\\node_modules\\router\\index.js:342:13)\n' +
    '    at D:\\Zip 4\\attendance-system\\backend\\node_modules\\router\\index.js:297:9\n' +
    '    at processParams (D:\\Zip 4\\attendance-system\\backend\\node_modules\\router\\index.js:582:12)\n' +
    '    at next (D:\\Zip 4\\attendance-system\\backend\\node_modules\\router\\index.js:291:5)\n' +
    '    at compression (D:\\Zip 4\\attendance-system\\backend\\node_modules\\compression\\index.js:243:5)',
  url: '/api/auth/login',
  method: 'POST',
  body: undefined,
  params: {},
  query: [Object: null prototype] {},
  ip: '127.0.0.1',
  userAgent: 'Mozilla/5.0 (Linux; Android 6.0; Nexus 5 Build/MRA58N) AppleWebKit/537.36 (KHTML, like Gecko) Chrome/145.0.0.0 Mobile Safari/537.36 Edg/145.0.0.0',
  level: 'error',
  timestamp: '2026-02-19 19:51:05'
}
{
  service: 'attendance-system',
  message: 'Application Error HTTPS required in production',
  stack: 'Error: HTTPS required in production\n' +
    '    at origin (D:\\Zip 4\\attendance-system\\backend\\config\\security.js:36:23)\n' +
    '    at D:\\Zip 4\\attendance-system\\backend\\node_modules\\cors\\lib\\index.js:219:13\n' +
    '    at optionsCallback (D:\\Zip 4\\attendance-system\\backend\\node_modules\\cors\\lib\\index.js:199:9)\n' +
    '    at corsMiddleware (D:\\Zip 4\\attendance-system\\backend\\node_modules\\cors\\lib\\index.js:204:7)\n' +
    '    at Layer.handleRequest (D:\\Zip 4\\attendance-system\\backend\\node_modules\\router\\lib\\layer.js:152:17)\n' +
    '    at trimPrefix (D:\\Zip 4\\attendance-system\\backend\\node_modules\\router\\index.js:342:13)\n' +
    '    at D:\\Zip 4\\attendance-system\\backend\\node_modules\\router\\index.js:297:9\n' +
    '    at processParams (D:\\Zip 4\\attendance-system\\backend\\node_modules\\router\\index.js:582:12)\n' +
    '    at next (D:\\Zip 4\\attendance-system\\backend\\node_modules\\router\\index.js:291:5)\n' +
    '    at compression (D:\\Zip 4\\attendance-system\\backend\\node_modules\\compression\\index.js:243:5)',
  url: '/api/auth/login',
  method: 'POST',
  body: undefined,
  params: {},
  query: [Object: null prototype] {},
  ip: '127.0.0.1',
  userAgent: 'Mozilla/5.0 (Linux; Android 6.0; Nexus 5 Build/MRA58N) AppleWebKit/537.36 (KHTML, like Gecko) Chrome/145.0.0.0 Mobile Safari/537.36 Edg/145.0.0.0',
  level: 'error',
  timestamp: '2026-02-19 19:51:33'
}
{
  service: 'attendance-system',
  message: 'Application Error HTTPS required in production',
  stack: 'Error: HTTPS required in production\n' +
    '    at origin (D:\\Zip 4\\attendance-system\\backend\\config\\security.js:36:23)\n' +
    '    at D:\\Zip 4\\attendance-system\\backend\\node_modules\\cors\\lib\\index.js:219:13\n' +
    '    at optionsCallback (D:\\Zip 4\\attendance-system\\backend\\node_modules\\cors\\lib\\index.js:199:9)\n' +
    '    at corsMiddleware (D:\\Zip 4\\attendance-system\\backend\\node_modules\\cors\\lib\\index.js:204:7)\n' +
    '    at Layer.handleRequest (D:\\Zip 4\\attendance-system\\backend\\node_modules\\router\\lib\\layer.js:152:17)\n' +
    '    at trimPrefix (D:\\Zip 4\\attendance-system\\backend\\node_modules\\router\\index.js:342:13)\n' +
    '    at D:\\Zip 4\\attendance-system\\backend\\node_modules\\router\\index.js:297:9\n' +
    '    at processParams (D:\\Zip 4\\attendance-system\\backend\\node_modules\\router\\index.js:582:12)\n' +
    '    at next (D:\\Zip 4\\attendance-system\\backend\\node_modules\\router\\index.js:291:5)\n' +
    '    at compression (D:\\Zip 4\\attendance-system\\backend\\node_modules\\compression\\index.js:243:5)',
  url: '/api/auth/login',
  method: 'POST',
  body: undefined,
  params: {},
  query: [Object: null prototype] {},
  ip: '127.0.0.1',
  userAgent: 'Mozilla/5.0 (Linux; Android 6.0; Nexus 5 Build/MRA58N) AppleWebKit/537.36 (KHTML, like Gecko) Chrome/145.0.0.0 Mobile Safari/537.36 Edg/145.0.0.0',
  level: 'error',
  timestamp: '2026-02-19 19:51:40'
}
{
  service: 'attendance-system',
  message: 'Application Error HTTPS required in production',
  stack: 'Error: HTTPS required in production\n' +
    '    at origin (D:\\Zip 4\\attendance-system\\backend\\config\\security.js:36:23)\n' +
    '    at D:\\Zip 4\\attendance-system\\backend\\node_modules\\cors\\lib\\index.js:219:13\n' +
    '    at optionsCallback (D:\\Zip 4\\attendance-system\\backend\\node_modules\\cors\\lib\\index.js:199:9)\n' +
    '    at corsMiddleware (D:\\Zip 4\\attendance-system\\backend\\node_modules\\cors\\lib\\index.js:204:7)\n' +
    '    at Layer.handleRequest (D:\\Zip 4\\attendance-system\\backend\\node_modules\\router\\lib\\layer.js:152:17)\n' +
    '    at trimPrefix (D:\\Zip 4\\attendance-system\\backend\\node_modules\\router\\index.js:342:13)\n' +
    '    at D:\\Zip 4\\attendance-system\\backend\\node_modules\\router\\index.js:297:9\n' +
    '    at processParams (D:\\Zip 4\\attendance-system\\backend\\node_modules\\router\\index.js:582:12)\n' +
    '    at next (D:\\Zip 4\\attendance-system\\backend\\node_modules\\router\\index.js:291:5)\n' +
    '    at compression (D:\\Zip 4\\attendance-system\\backend\\node_modules\\compression\\index.js:243:5)',
  url: '/api/auth/login',
  method: 'POST',
  body: undefined,
  params: {},
  query: [Object: null prototype] {},
  ip: '127.0.0.1',
  userAgent: 'Mozilla/5.0 (Linux; Android 6.0; Nexus 5 Build/MRA58N) AppleWebKit/537.36 (KHTML, like Gecko) Chrome/145.0.0.0 Mobile Safari/537.36 Edg/145.0.0.0',
  level: 'error',
  timestamp: '2026-02-19 19:52:27'
}
{
  service: 'attendance-system',
  message: 'Application Error HTTPS required in production',
  stack: 'Error: HTTPS required in production\n' +
    '    at origin (D:\\Zip 4\\attendance-system\\backend\\config\\security.js:36:23)\n' +
    '    at D:\\Zip 4\\attendance-system\\backend\\node_modules\\cors\\lib\\index.js:219:13\n' +
    '    at optionsCallback (D:\\Zip 4\\attendance-system\\backend\\node_modules\\cors\\lib\\index.js:199:9)\n' +
    '    at corsMiddleware (D:\\Zip 4\\attendance-system\\backend\\node_modules\\cors\\lib\\index.js:204:7)\n' +
    '    at Layer.handleRequest (D:\\Zip 4\\attendance-system\\backend\\node_modules\\router\\lib\\layer.js:152:17)\n' +
    '    at trimPrefix (D:\\Zip 4\\attendance-system\\backend\\node_modules\\router\\index.js:342:13)\n' +
    '    at D:\\Zip 4\\attendance-system\\backend\\node_modules\\router\\index.js:297:9\n' +
    '    at processParams (D:\\Zip 4\\attendance-system\\backend\\node_modules\\router\\index.js:582:12)\n' +
    '    at next (D:\\Zip 4\\attendance-system\\backend\\node_modules\\router\\index.js:291:5)\n' +
    '    at compression (D:\\Zip 4\\attendance-system\\backend\\node_modules\\compression\\index.js:243:5)',
  url: '/api/auth/login',
  method: 'POST',
  body: undefined,
  params: {},
  query: [Object: null prototype] {},
  ip: '127.0.0.1',
  userAgent: 'Mozilla/5.0 (Linux; Android 6.0; Nexus 5 Build/MRA58N) AppleWebKit/537.36 (KHTML, like Gecko) Chrome/145.0.0.0 Mobile Safari/537.36 Edg/145.0.0.0',
  level: 'error',
  timestamp: '2026-02-19 19:52:28'
}
{
  service: 'attendance-system',
  message: 'Application Error HTTPS required in production',
  stack: 'Error: HTTPS required in production\n' +
    '    at origin (D:\\Zip 4\\attendance-system\\backend\\config\\security.js:36:23)\n' +
    '    at D:\\Zip 4\\attendance-system\\backend\\node_modules\\cors\\lib\\index.js:219:13\n' +
    '    at optionsCallback (D:\\Zip 4\\attendance-system\\backend\\node_modules\\cors\\lib\\index.js:199:9)\n' +
    '    at corsMiddleware (D:\\Zip 4\\attendance-system\\backend\\node_modules\\cors\\lib\\index.js:204:7)\n' +
    '    at Layer.handleRequest (D:\\Zip 4\\attendance-system\\backend\\node_modules\\router\\lib\\layer.js:152:17)\n' +
    '    at trimPrefix (D:\\Zip 4\\attendance-system\\backend\\node_modules\\router\\index.js:342:13)\n' +
    '    at D:\\Zip 4\\attendance-system\\backend\\node_modules\\router\\index.js:297:9\n' +
    '    at processParams (D:\\Zip 4\\attendance-system\\backend\\node_modules\\router\\index.js:582:12)\n' +
    '    at next (D:\\Zip 4\\attendance-system\\backend\\node_modules\\router\\index.js:291:5)\n' +
    '    at compression (D:\\Zip 4\\attendance-system\\backend\\node_modules\\compression\\index.js:243:5)',
  url: '/api/auth/login',
  method: 'POST',
  body: undefined,
  params: {},
  query: [Object: null prototype] {},
  ip: '127.0.0.1',
  userAgent: 'Mozilla/5.0 (Linux; Android 6.0; Nexus 5 Build/MRA58N) AppleWebKit/537.36 (KHTML, like Gecko) Chrome/145.0.0.0 Mobile Safari/537.36 Edg/145.0.0.0',
  level: 'error',
  timestamp: '2026-02-19 19:52:28'
}
{
  service: 'attendance-system',
  message: 'Application Error HTTPS required in production',
  stack: 'Error: HTTPS required in production\n' +
    '    at origin (D:\\Zip 4\\attendance-system\\backend\\config\\security.js:36:23)\n' +
    '    at D:\\Zip 4\\attendance-system\\backend\\node_modules\\cors\\lib\\index.js:219:13\n' +
    '    at optionsCallback (D:\\Zip 4\\attendance-system\\backend\\node_modules\\cors\\lib\\index.js:199:9)\n' +
    '    at corsMiddleware (D:\\Zip 4\\attendance-system\\backend\\node_modules\\cors\\lib\\index.js:204:7)\n' +
    '    at Layer.handleRequest (D:\\Zip 4\\attendance-system\\backend\\node_modules\\router\\lib\\layer.js:152:17)\n' +
    '    at trimPrefix (D:\\Zip 4\\attendance-system\\backend\\node_modules\\router\\index.js:342:13)\n' +
    '    at D:\\Zip 4\\attendance-system\\backend\\node_modules\\router\\index.js:297:9\n' +
    '    at processParams (D:\\Zip 4\\attendance-system\\backend\\node_modules\\router\\index.js:582:12)\n' +
    '    at next (D:\\Zip 4\\attendance-system\\backend\\node_modules\\router\\index.js:291:5)\n' +
    '    at compression (D:\\Zip 4\\attendance-system\\backend\\node_modules\\compression\\index.js:243:5)',
  url: '/api/auth/login',
  method: 'POST',
  body: undefined,
  params: {},
  query: [Object: null prototype] {},
  ip: '127.0.0.1',
  userAgent: 'Mozilla/5.0 (Linux; Android 6.0; Nexus 5 Build/MRA58N) AppleWebKit/537.36 (KHTML, like Gecko) Chrome/145.0.0.0 Mobile Safari/537.36 Edg/145.0.0.0',
  level: 'error',
  timestamp: '2026-02-19 19:52:28'
}
